PS C:\Users\mokom\Documents\プログラミング\Git練習> mkdir git_challenge


    ディレクトリ: C:\Users\mokom\Documents\プログラミング\Git練習


Mode                 LastWriteTime         Length Name
----                 -------------         ------ ----
d-----        2025/06/25      8:30                git_challenge


PS C:\Users\mokom\Documents\プログラミング\Git練習> cd git_challenge
PS C:\Users\mokom\Documents\プログラミング\Git練習\git_challenge> git init
Initialized empty Git repository in C:/Users/mokom/Documents/プログラミング/Git練習/git_challenge/.git/

PS C:\Users\mokom\Documents\プログラミング\Git練習\git_challenge> git add hello_world.txt

PS C:\Users\mokom\Documents\プログラミング\Git練習\git_challenge> git commit -m "hello_world.txtを追加"
[main (root-commit) 44e9904] hello_world.txtを追加
 1 file changed, 1 insertion(+)
 create mode 100644 hello_world.txt
PS C:\Users\mokom\Documents\プログラミング\Git練習\git_challenge> git add hello_world.txt

PS C:\Users\mokom\Documents\プログラミング\Git練習\git_challenge> git commit -m "日本語訳を追加"
[main e79bc32] 日本語訳を追加
 1 file changed, 2 insertions(+), 1 deletion(-)

PS C:\Users\mokom\Documents\プログラミング\Git練習\git_challenge> git log --oneline
e79bc32 (HEAD -> main) 日本語訳を追加
44e9904 hello_world.txtを追加